[INFO] Scanning for projects...
[INFO] 
[INFO] --------------------------< TaskSphere:demo >---------------------------
[INFO] Building TaskSphere 0.0.1-SNAPSHOT
[INFO]   from pom.xml
[INFO] --------------------------------[ jar ]---------------------------------
[INFO] 
[INFO] >>> spring-boot:3.2.5:run (default-cli) > test-compile @ demo >>>
[INFO] 
[INFO] --- resources:3.3.1:resources (default-resources) @ demo ---
[INFO] Copying 1 resource from src\main\resources to target\classes
[INFO] Copying 0 resource from src\main\resources to target\classes
[INFO] 
[INFO] --- compiler:3.11.0:compile (default-compile) @ demo ---
[INFO] Nothing to compile - all classes are up to date
[INFO] 
[INFO] --- resources:3.3.1:testResources (default-testResources) @ demo ---
[INFO] skip non existing resourceDirectory D:\TaskSphere\Tasksphere\src\test\resources
[INFO] 
[INFO] --- compiler:3.11.0:testCompile (default-testCompile) @ demo ---
[INFO] Nothing to compile - all classes are up to date
[INFO] 
[INFO] <<< spring-boot:3.2.5:run (default-cli) < test-compile @ demo <<<
[INFO] 
[INFO] 
[INFO] --- spring-boot:3.2.5:run (default-cli) @ demo ---
[INFO] Attaching agents: []

  .   ____          _            __ _ _
 /\\ / ___'_ __ _ _(_)_ __  __ _ \ \ \ \
( ( )\___ | '_ | '_| | '_ \/ _` | \ \ \ \
 \\/  ___)| |_)| | | | | || (_| |  ) ) ) )
  '  |____| .__|_| |_|_| |_\__, | / / / /
 =========|_|==============|___/=/_/_/_/
 :: Spring Boot ::                (v3.2.5)

2026-05-28T23:25:03.418+06:00  INFO 24212 --- [TaskSphere] [           main] TaskSphere.demo.DemoApplication          : Starting DemoApplication using Java 21.0.8 with PID 24212 (D:\TaskSphere\Tasksphere\target\classes started by USER in D:\TaskSphere\Tasksphere)
2026-05-28T23:25:03.422+06:00  INFO 24212 --- [TaskSphere] [           main] TaskSphere.demo.DemoApplication          : No active profile set, falling back to 1 default profile: "default"
2026-05-28T23:25:04.347+06:00  INFO 24212 --- [TaskSphere] [           main] .s.d.r.c.RepositoryConfigurationDelegate : Bootstrapping Spring Data MongoDB repositories in DEFAULT mode.
2026-05-28T23:25:04.484+06:00  INFO 24212 --- [TaskSphere] [           main] .s.d.r.c.RepositoryConfigurationDelegate : Finished Spring Data repository scanning in 119 ms. Found 3 MongoDB repository interfaces.
2026-05-28T23:25:05.308+06:00  INFO 24212 --- [TaskSphere] [           main] o.s.b.w.embedded.tomcat.TomcatWebServer  : Tomcat initialized with port 8090 (http)
2026-05-28T23:25:05.336+06:00  INFO 24212 --- [TaskSphere] [           main] o.apache.catalina.core.StandardService   : Starting service [Tomcat]
2026-05-28T23:25:05.337+06:00  INFO 24212 --- [TaskSphere] [           main] o.apache.catalina.core.StandardEngine    : Starting Servlet engine: [Apache Tomcat/10.1.20]
2026-05-28T23:25:05.432+06:00  INFO 24212 --- [TaskSphere] [           main] o.a.c.c.C.[Tomcat].[localhost].[/]       : Initializing Spring embedded WebApplicationContext
2026-05-28T23:25:05.435+06:00  INFO 24212 --- [TaskSphere] [           main] w.s.c.ServletWebServerApplicationContext : Root WebApplicationContext: initialization completed in 1956 ms
2026-05-28T23:25:05.739+06:00  INFO 24212 --- [TaskSphere] [           main] org.mongodb.driver.client                : MongoClient with metadata {"driver": {"name": "mongo-java-driver|sync|spring-boot", "version": "4.11.2"}, "os": {"type": "Windows", "name": "Windows 11", "architecture": "amd64", "version": "10.0"}, "platform": "Java/Oracle Corporation/21.0.8+12-LTS-250"} created with settings MongoClientSettings{readPreference=primary, writeConcern=WriteConcern{w=null, wTimeout=null ms, journal=null}, retryWrites=true, retryReads=true, readConcern=ReadConcern{level=null}, credential=null, transportSettings=null, streamFactoryFactory=null, commandListeners=[], codecRegistry=ProvidersCodecRegistry{codecProviders=[ValueCodecProvider{}, BsonValueCodecProvider{}, DBRefCodecProvider{}, DBObjectCodecProvider{}, DocumentCodecProvider{}, CollectionCodecProvider{}, IterableCodecProvider{}, MapCodecProvider{}, GeoJsonCodecProvider{}, GridFSFileCodecProvider{}, Jsr310CodecProvider{}, JsonObjectCodecProvider{}, BsonCodecProvider{}, EnumCodecProvider{}, com.mongodb.client.model.mql.ExpressionCodecProvider@2fb25f4c, com.mongodb.Jep395RecordCodecProvider@de81be1, com.mongodb.KotlinCodecProvider@342e690b]}, loggerSettings=LoggerSettings{maxDocumentLength=1000}, clusterSettings={hosts=[localhost:27017], srvServiceName=mongodb, mode=SINGLE, requiredClusterType=UNKNOWN, requiredReplicaSetName='null', serverSelector='null', clusterListeners='[]', serverSelectionTimeout='10000 ms', localThreshold='15 ms'}, socketSettings=SocketSettings{connectTimeoutMS=10000, readTimeoutMS=15000, receiveBufferSize=0, proxySettings=ProxySettings{host=null, port=null, username=null, password=null}}, heartbeatSocketSettings=SocketSettings{connectTimeoutMS=10000, readTimeoutMS=10000, receiveBufferSize=0, proxySettings=ProxySettings{host=null, port=null, username=null, password=null}}, connectionPoolSettings=ConnectionPoolSettings{maxSize=100, minSize=0, maxWaitTimeMS=120000, maxConnectionLifeTimeMS=0, maxConnectionIdleTimeMS=0, maintenanceInitialDelayMS=0, maintenanceFrequencyMS=60000, connectionPoolListeners=[], maxConnecting=2}, serverSettings=ServerSettings{heartbeatFrequencyMS=10000, minHeartbeatFrequencyMS=500, serverListeners='[]', serverMonitorListeners='[]'}, sslSettings=SslSettings{enabled=false, invalidHostNameAllowed=false, context=null}, applicationName='null', compressorList=[], uuidRepresentation=JAVA_LEGACY, serverApi=null, autoEncryptionSettings=null, dnsClient=null, inetAddressResolver=null, contextProvider=null}
2026-05-28T23:25:05.759+06:00  WARN 24212 --- [TaskSphere] [           main] o.s.aop.framework.CglibAopProxy          : Unable to proxy interface-implementing method [public final void org.springframework.web.filter.OncePerRequestFilter.doFilter(jakarta.servlet.ServletRequest,jakarta.servlet.ServletResponse,jakarta.servlet.FilterChain) throws jakarta.servlet.ServletException,java.io.IOException] because it is marked as final, consider using interface-based JDK proxies instead.
2026-05-28T23:25:05.760+06:00  WARN 24212 --- [TaskSphere] [           main] o.s.aop.framework.CglibAopProxy          : Unable to proxy interface-implementing method [public final void org.springframework.web.filter.GenericFilterBean.init(jakarta.servlet.FilterConfig) throws jakarta.servlet.ServletException] because it is marked as final, consider using interface-based JDK proxies instead.
2026-05-28T23:25:06.631+06:00  INFO 24212 --- [TaskSphere] [           main] o.s.s.web.DefaultSecurityFilterChain     : Will secure any request with [org.springframework.security.web.session.DisableEncodeUrlFilter@64c25a62, org.springframework.security.web.context.request.async.WebAsyncManagerIntegrationFilter@43e8f1c, org.springframework.security.web.context.SecurityContextHolderFilter@c212536, org.springframework.security.web.header.HeaderWriterFilter@14d1737a, org.springframework.web.filter.CorsFilter@66a82a13, org.springframework.security.web.authentication.logout.LogoutFilter@582dcd35, TaskSphere.demo.security.JwtAuthFilter@1bb15351, org.springframework.security.web.savedrequest.RequestCacheAwareFilter@1b0e031b, org.springframework.security.web.servletapi.SecurityContextHolderAwareRequestFilter@6009cd34, org.springframework.security.web.authentication.AnonymousAuthenticationFilter@11399548, org.springframework.security.web.session.SessionManagementFilter@d9f5fce, org.springframework.security.web.access.ExceptionTranslationFilter@28e94c2, org.springframework.security.web.access.intercept.AuthorizationFilter@4ef5dd23]
2026-05-28T23:25:06.903+06:00  INFO 24212 --- [TaskSphere] [           main] o.s.b.w.embedded.tomcat.TomcatWebServer  : Tomcat started on port 8090 (http) with context path ''
2026-05-28T23:25:06.924+06:00  INFO 24212 --- [TaskSphere] [           main] TaskSphere.demo.DemoApplication          : Started DemoApplication in 3.953 seconds (process running for 4.339)
2026-05-28T23:25:27.237+06:00  INFO 24212 --- [TaskSphere] [nio-8090-exec-1] o.a.c.c.C.[Tomcat].[localhost].[/]       : Initializing Spring DispatcherServlet 'dispatcherServlet'
2026-05-28T23:25:27.246+06:00  INFO 24212 --- [TaskSphere] [nio-8090-exec-1] o.s.web.servlet.DispatcherServlet        : Initializing Servlet 'dispatcherServlet'
2026-05-28T23:25:27.248+06:00  INFO 24212 --- [TaskSphere] [nio-8090-exec-1] o.s.web.servlet.DispatcherServlet        : Completed initialization in 1 ms
